Microchip MPLAB XC8 Compiler V2.41

Linker command line:

-W-3 \
  --edf=C:/Program Files/Microchip/MPLABX/v6.10/packs/Microchip/PIC18Fxxxx_DFP/1.4.151/xc8\pic\dat\20230323171731_en.msgs \
  -cn -h+dist/default/debug\Proj_1.debug.sym \
  --cmf=dist/default/debug\Proj_1.debug.cmf -z -Q18F4620 \
  -oC:\Users\moham\AppData\Local\Temp\xcAs1hl0.\driver_tmp_3.o \
  --defsym=__MPLAB_BUILD=1 --fixupoverflow=error \
  -Mdist/default/debug/Proj_1.debug.map \
  --md=C:\Users\moham\AppData\Local\Temp\xcAs1hl0.\driver_tmp_0.dat -E1 \
  -ver=XC8 Compiler --acfsm=1493 -ACODE=00h-0FFFFh -ACONST=00h-0FFFFh \
  -ASMALLCONST=01000h-010FFhx240 -AMEDIUMCONST=01000h-0FFFFh \
  -ACOMRAM=01h-07Fh -AABS1=00h-0F7Fh -ABIGRAM=01h-0F7Fh \
  -ARAM=080h-0FFh,0100h-01FFhx14,0F00h-0F7Fh -ABANK0=080h-0FFh \
  -ABANK1=0100h-01FFh -ABANK2=0200h-02FFh -ABANK3=0300h-03FFh \
  -ABANK4=0400h-04FFh -ABANK5=0500h-05FFh -ABANK6=0600h-06FFh \
  -ABANK7=0700h-07FFh -ABANK8=0800h-08FFh -ABANK9=0900h-09FFh \
  -ABANK10=0A00h-0AFFh -ABANK11=0B00h-0BFFh -ABANK12=0C00h-0CFFh \
  -ABANK13=0D00h-0DFFh -ABANK14=0E00h-0EFFh -ABANK15=0F00h-0F7Fh \
  -ASFR=0F80h-0FFFh -ABIGSFR=0F80h-0FFFh -ACONFIG=0300000h-030000Dh \
  -AIDLOC=0200000h-0200007h -AEEDATA=0F00000h-0F003FFh -peeprom_data=EEDATA \
  -preset_vec=00h,intcode=08h,intcodelo,powerup,init -pramtop=01000h \
  -psmallconst=SMALLCONST -pmediumconst=MEDIUMCONST -pconst=CONST \
  -AFARRAM=00h-00h \
  -prdata=COMRAM,nvrram=COMRAM,nvbit=COMRAM,rbss=COMRAM,rbit=COMRAM \
  -pfarbss=FARRAM,fardata=FARRAM,nvFARRAM=FARRAM \
  -pintsave_regs=BIGRAM,bigbss=BIGRAM,bigdata=BIGRAM -pbss=RAM \
  -pidata=CODE,irdata=CODE,ibigdata=CODE,ifardata=CODE -prparam=COMRAM \
  C:\Users\moham\AppData\Local\Temp\xcAs1hl0.\driver_tmp_9.o \
  dist/default/debug\Proj_1.debug.o 

Object code version is 3.11

Machine type is 18F4620



                Name                               Link     Load   Length Selector   Space Scale
C:\Users\moham\AppData\Local\Temp\xcAs1hl0.\driver_tmp_9.o
                config                           300000   300000        E        0       4
                init                                  E        E        4        4       0
                reset_vec                             0        0        4        0       0
dist/default/debug\Proj_1.debug.o
                intcode                               8        8        6        4       0
                config                           300000   300000        E        0       4
                temp                                 7E       7E        1        1       1
                smallconst                         1000     1000        6      800       0
                text25                             1930     1930        4      C23       0
                text24                             1934     1934        2      C23       0
                text23                             192C     192C        4      C23       0
                text22                             1928     1928        4      C23       0
                text21                             1924     1924        4      C23       0
                text20                             1920     1920        4      C23       0
                text19                             191C     191C        4      C23       0
                text18                             1918     1918        4      C23       0
                text17                             18D2     18D2       1A      C23       0
                text16                             18B8     18B8       1A      C23       0
                text15                             189E     189E       1A      C23       0
                text14                             1884     1884       1A      C23       0
                text13                             1904     1904        C      C23       0
                text12                             18F8     18F8        C      C23       0
                text11                             1910     1910        8      C23       0
                text10                             18EC     18EC        C      C23       0
                intcode_body                       1006     1006      3A6      803       0
                text8                              1484     1484       C4      803       0
                text7                              13AC     13AC       D8      803       0
                text6                              17E6     17E6       3A      803       0
                text5                              1846     1846       24      C23       0
                text4                              168A     168A       78      803       0
                text3                              1758     1758       4A      803       0
                text2                              17A2     17A2       44      803       0
                text1                              1548     1548       C0      803       0
                text0                              1608     1608       82      803       0
                cstackCOMRAM                         6E       6E        F        1       1
                dataBANK0                            80       80       1A       80       1
                dataCOMRAM                           49       49       25        1       1
                bssCOMRAM                             1        1       48        1       1
                cinit                              1702     1702       56      803       0
                nvCOMRAM                             7D       7D        1        1       1
                idataBANK0                         186A     186A       1A      C23       0
                idataCOMRAM                        1820     1820       25      803       0

TOTAL           Name                               Link     Load   Length     Space
        CLASS   CODE           
                intcode                               8        8        6         0
                init                                  E        E        4         0
                reset_vec                             0        0        4         0
                text25                             1930     1930        4         0
                text24                             1934     1934        2         0
                text23                             192C     192C        4         0
                text22                             1928     1928        4         0
                text21                             1924     1924        4         0
                text20                             1920     1920        4         0
                text19                             191C     191C        4         0
                text18                             1918     1918        4         0
                text17                             18D2     18D2       1A         0
                text16                             18B8     18B8       1A         0
                text15                             189E     189E       1A         0
                text14                             1884     1884       1A         0
                text13                             1904     1904        C         0
                text12                             18F8     18F8        C         0
                text11                             1910     1910        8         0
                text10                             18EC     18EC        C         0
                intcode_body                       1006     1006      3A6         0
                text8                              1484     1484       C4         0
                text7                              13AC     13AC       D8         0
                text6                              17E6     17E6       3A         0
                text5                              1846     1846       24         0
                text4                              168A     168A       78         0
                text3                              1758     1758       4A         0
                text2                              17A2     17A2       44         0
                text1                              1548     1548       C0         0
                text0                              1608     1608       82         0
                cinit                              1702     1702       56         0
                idataBANK0                         186A     186A       1A         0
                idataCOMRAM                        1820     1820       25         0

        CLASS   CONST          

        CLASS   SMALLCONST     
                smallconst                         1000     1000        6         0

        CLASS   MEDIUMCONST    

        CLASS   COMRAM         
                temp                                 7E       7E        1         1
                cstackCOMRAM                         6E       6E        F         1
                dataCOMRAM                           49       49       25         1
                bssCOMRAM                             1        1       48         1
                nvCOMRAM                             7D       7D        1         1

        CLASS   ABS1           

        CLASS   BIGRAM         

        CLASS   RAM            

        CLASS   BANK0          
                dataBANK0                            80       80       1A         1

        CLASS   BANK1          

        CLASS   BANK2          

        CLASS   BANK3          

        CLASS   BANK4          

        CLASS   BANK5          

        CLASS   BANK6          

        CLASS   BANK7          

        CLASS   BANK8          

        CLASS   BANK9          

        CLASS   BANK10         

        CLASS   BANK11         

        CLASS   BANK12         

        CLASS   BANK13         

        CLASS   BANK14         

        CLASS   BANK15         

        CLASS   SFR            

        CLASS   BIGSFR         

        CLASS   CONFIG         
                config                           300000   300000        E         4

        CLASS   IDLOC          

        CLASS   EEDATA         

        CLASS   FARRAM         

        CLASS   HEAP           

        CLASS   STACK          



SEGMENTS        Name                           Load    Length   Top    Selector   Space  Class

                reset_vec                      000000  000004  000004         0       0  CODE    
                bssCOMRAM                      000001  00007E  00007F         1       1  COMRAM  
                intcode                        000008  00000A  000012         4       0  CODE    
                dataBANK0                      000080  00001A  00009A        80       1  BANK0   
                smallconst                     001000  000006  001006       800       0  SMALLCON
                intcode_body                   001006  00083F  001845       803       0  CODE    
                text5                          001846  0000F0  001936       C23       0  CODE    


UNUSED ADDRESS RANGES

        Name                Unused          Largest block    Delta
        BANK0            00009A-0000FF               66
        BANK1            000100-0001FF              100
        BANK10           000A00-000AFF              100
        BANK11           000B00-000BFF              100
        BANK12           000C00-000CFF              100
        BANK13           000D00-000DFF              100
        BANK14           000E00-000EFF              100
        BANK15           000F00-000F7F               80
        BANK2            000200-0002FF              100
        BANK3            000300-0003FF              100
        BANK4            000400-0004FF              100
        BANK5            000500-0005FF              100
        BANK6            000600-0006FF              100
        BANK7            000700-0007FF              100
        BANK8            000800-0008FF              100
        BANK9            000900-0009FF              100
        BIGRAM           00007F-00007F                1
                         00009A-000F7F              EE6
        BIGSFR           000F80-000FFF               80
        CODE             000004-000007                4
                         000012-000FFF              FEE
                         001845-001845                1
                         001936-00FFFF             E6CA
        COMRAM           00007F-00007F                1
        CONST            000004-000007                4
                         000012-000FFF              FEE
                         001845-001845                1
                         001936-00FFFF             E6CA
        EEDATA           F00000-F003FF              400
        IDLOC            200000-200007                8
        MEDIUMCONST      001845-001845                1
                         001936-00FFFF             E6CA
        RAM              00009A-000F7F              100
        SFR              000F80-000FFF               80
        SMALLCONST       001845-001845                1
                         001936-00FFFF              100

                                  Symbol Table

ADC_GetConversionResult@_adc                 cstackCOMRAM 00006F
ADC_GetConversionResult@conversion_Result    cstackCOMRAM 000071
ADC_GetConversionResult@ret                  cstackCOMRAM 000076
ADC_GetConversion_Blocking@_adc              cstackCOMRAM 000077
ADC_GetConversion_Blocking@channel           cstackCOMRAM 000079
ADC_GetConversion_Blocking@conversion_Result cstackCOMRAM 00007A
ADC_GetConversion_Blocking@ret               cstackCOMRAM 00007C
ADC_Init@_adc                                cstackCOMRAM 000072
ADC_Init@ret                                 cstackCOMRAM 000075
ADC_SelectChannel@_adc                       cstackCOMRAM 000072
ADC_SelectChannel@channel                    cstackCOMRAM 000074
ADC_SelectChannel@ret                        cstackCOMRAM 000076
ADC_StartConversion@_adc                     cstackCOMRAM 00006F
ADC_StartConversion@ret                      cstackCOMRAM 000071
RB4_ISR@RB4_Source                           cstackCOMRAM 00006E
RB5_ISR@RB5_Source                           cstackCOMRAM 00006E
RB6_ISR@RB6_Source                           cstackCOMRAM 00006E
RB7_ISR@RB7_Source                           cstackCOMRAM 00006E
_ADCON0bits                                  (abs)        000FC2
_ADCON1bits                                  (abs)        000FC1
_ADCON2bits                                  (abs)        000FC0
_ADC_GetConversionResult                     text8        001484
_ADC_GetConversion_Blocking                  text4        00168A
_ADC_ISR                                     text25       001930
_ADC_Init                                    text1        001548
_ADC_Interrupt_Handeler                      bssCOMRAM    000033
_ADC_SelectChannel                           text6        0017E6
_ADC_StartConversion                         text5        001846
_ADRESH                                      (abs)        000FC4
_ADRESL                                      (abs)        000FC3
_BAUDCONbits                                 (abs)        000FB8
_EEADR                                       (abs)        000FA9
_EEADRH                                      (abs)        000FAA
_EECON1bits                                  (abs)        000FA6
_EECON2                                      (abs)        000FA7
_EEDATA                                      (abs)        000FA8
_EUSART_FramingErrorHandler                  bssCOMRAM    000009
_EUSART_OverrunErrorHandler                  bssCOMRAM    000007
_EUSART_RX_ISR                               text24       001934
_EUSART_RX_Interrupt_Handeler                bssCOMRAM    00000B
_EUSART_TX_ISR                               text23       00192C
_EUSART_TX_Interrupt_Handeler                bssCOMRAM    00000D
_I2C_DefaultInterruptHandler                 bssCOMRAM    000003
_I2C_Report_Receive_Overflow                 bssCOMRAM    000001
_I2C_Report_Write_Collision                  bssCOMRAM    000005
_INT0_ISR                                    text22       001928
_INT0_Interrupt_Handeler                     bssCOMRAM    000031
_INT1_ISR                                    text21       001924
_INT1_Interrupt_Handeler                     bssCOMRAM    00002F
_INT2_ISR                                    text20       001920
_INT2_Interrupt_Handeler                     bssCOMRAM    00002D
_INTCON2bits                                 (abs)        000FF1
_INTCON3bits                                 (abs)        000FF0
_INTCONbits                                  (abs)        000FF2
_InterruptManagerHigh                        intcode      000008
_LATA                                        (abs)        000F89
_LATB                                        (abs)        000F8A
_LATC                                        (abs)        000F8B
_LATD                                        (abs)        000F8C
_LATE                                        (abs)        000F8D
_MSSP_I2C_BC_ISR                             text19       00191C
_MSSP_I2C_ISR                                text18       001918
_PIE1bits                                    (abs)        000F9D
_PIE2bits                                    (abs)        000FA0
_PIR1bits                                    (abs)        000F9E
_PIR2bits                                    (abs)        000FA1
_PORTA                                       (abs)        000F80
_PORTB                                       (abs)        000F81
_PORTBbits                                   (abs)        000F81
_PORTC                                       (abs)        000F82
_PORTD                                       (abs)        000F83
_PORTE                                       (abs)        000F84
_RB4_Flag                                    dataCOMRAM   000067
_RB4_ISR                                     text17       0018D2
_RB4_Interrupt_Handeler_High                 bssCOMRAM    00002B
_RB4_Interrupt_Handeler_Low                  bssCOMRAM    000029
_RB5_Flag                                    dataCOMRAM   000066
_RB5_ISR                                     text16       0018B8
_RB5_Interrupt_Handeler_High                 bssCOMRAM    000027
_RB5_Interrupt_Handeler_Low                  bssCOMRAM    000025
_RB6_Flag                                    dataCOMRAM   000065
_RB6_ISR                                     text15       00189E
_RB6_Interrupt_Handeler_High                 bssCOMRAM    000023
_RB6_Interrupt_Handeler_Low                  bssCOMRAM    000021
_RB7_Flag                                    dataCOMRAM   000064
_RB7_ISR                                     text14       001884
_RB7_Interrupt_Handeler_High                 bssCOMRAM    00001F
_RB7_Interrupt_Handeler_Low                  bssCOMRAM    00001D
_RC6                                         (abs)        007C16
_RC7                                         (abs)        007C17
_RCREG                                       (abs)        000FAE
_RCSTAbits                                   (abs)        000FAB
_SPBRG                                       (abs)        000FAF
_SPBRGH                                      (abs)        000FB0
_SSPADD                                      (abs)        000FC8
_SSPBUF                                      (abs)        000FC9
_SSPCON1bits                                 (abs)        000FC6
_SSPCON2bits                                 (abs)        000FC5
_SSPSTATbits                                 (abs)        000FC7
_T0CONbits                                   (abs)        000FD5
_T1CONbits                                   (abs)        000FCD
_T2CONbits                                   (abs)        000FCA
_T3CONbits                                   (abs)        000FB1
_TMR0H                                       (abs)        000FD7
_TMR0L                                       (abs)        000FD6
_TMR0_ISR                                    text13       001904
_TMR0_Interrupt_Handeler                     bssCOMRAM    00001B
_TMR1H                                       (abs)        000FCF
_TMR1L                                       (abs)        000FCE
_TMR1_ISR                                    text12       0018F8
_TMR1_Interrupt_Handeler                     bssCOMRAM    000017
_TMR2                                        (abs)        000FCC
_TMR2_ISR                                    text11       001910
_TMR2_Interrupt_Handeler                     bssCOMRAM    000013
_TMR3H                                       (abs)        000FB3
_TMR3L                                       (abs)        000FB2
_TMR3_ISR                                    text10       0018EC
_TMR3_Interrupt_Handeler                     bssCOMRAM    000011
_TRISA                                       (abs)        000F92
_TRISB                                       (abs)        000F93
_TRISC                                       (abs)        000F94
_TRISCbits                                   (abs)        000F94
_TRISD                                       (abs)        000F95
_TRISE                                       (abs)        000F96
_TXREG                                       (abs)        000FAD
_TXSTAbits                                   (abs)        000FAC
__HRAM                                       (abs)        000000
__H__absolute__                              __absolute__ 000000
__Habs1                                      abs1         000000
__Hbank0                                     bank0        000000
__Hbank1                                     bank1        000000
__Hbank10                                    bank10       000000
__Hbank11                                    bank11       000000
__Hbank12                                    bank12       000000
__Hbank13                                    bank13       000000
__Hbank14                                    bank14       000000
__Hbank15                                    bank15       000000
__Hbank2                                     bank2        000000
__Hbank3                                     bank3        000000
__Hbank4                                     bank4        000000
__Hbank5                                     bank5        000000
__Hbank6                                     bank6        000000
__Hbank7                                     bank7        000000
__Hbank8                                     bank8        000000
__Hbank9                                     bank9        000000
__Hbigbss                                    bigbss       000000
__Hbigdata                                   bigdata      000000
__Hbigram                                    bigram       000000
__Hbigsfr                                    bigsfr       000000
__Hbss                                       bss          000000
__HbssCOMRAM                                 bssCOMRAM    000000
__Hcinit                                     cinit        000000
__Hclrtext                                   clrtext      000000
__Hcomram                                    comram       000000
__Hconfig                                    config       30000E
__Hconst                                     const        000000
__HcstackCOMRAM                              cstackCOMRAM 000000
__Hdata                                      data         000000
__HdataBANK0                                 dataBANK0    000000
__HdataCOMRAM                                dataCOMRAM   000000
__Heeprom_data                               eeprom_data  000000
__Hfarbss                                    farbss       000000
__Hfardata                                   fardata      000000
__Hheap                                      heap         000000
__Hibigdata                                  ibigdata     000000
__Hidata                                     idata        000000
__HidataBANK0                                idataBANK0   000000
__HidataCOMRAM                               idataCOMRAM  000000
__Hidloc                                     idloc        000000
__Hifardata                                  ifardata     000000
__Hinit                                      init         000012
__Hintcode                                   intcode      00000E
__Hintcode_body                              intcode_body 000000
__Hintcodelo                                 intcodelo    00000E
__Hintentry                                  intentry     000000
__Hintret                                    intret       000000
__Hintsave_regs                              intsave_regs 000000
__Hirdata                                    irdata       000000
__Hmediumconst                               mediumconst  000000
__HnvCOMRAM                                  nvCOMRAM     000000
__HnvFARRAM                                  nvFARRAM     000000
__Hnvbit                                     nvbit        000000
__Hnvrram                                    nvrram       000000
__Hparam                                     rparam       000000
__Hpowerup                                   powerup      00000E
__Hram                                       ram          000000
__Hramtop                                    ramtop       001000
__Hrbit                                      rbit         000000
__Hrbss                                      rbss         000000
__Hrdata                                     rdata        000000
__Hreset_vec                                 reset_vec    000004
__Hrparam                                    rparam       000000
__Hsfr                                       sfr          000000
__Hsmallconst                                smallconst   001006
__Hspace_0                                   (abs)        001936
__Hspace_1                                   (abs)        00009A
__Hspace_2                                   (abs)        000000
__Hspace_4                                   (abs)        60000E
__Hstack                                     stack        000000
__Hstruct                                    struct       000000
__Htemp                                      temp         00007F
__Htext                                      text         000000
__Htext0                                     text0        000000
__Htext1                                     text1        000000
__Htext10                                    text10       000000
__Htext11                                    text11       000000
__Htext12                                    text12       000000
__Htext13                                    text13       000000
__Htext14                                    text14       000000
__Htext15                                    text15       000000
__Htext16                                    text16       000000
__Htext17                                    text17       000000
__Htext18                                    text18       000000
__Htext19                                    text19       000000
__Htext2                                     text2        000000
__Htext20                                    text20       000000
__Htext21                                    text21       000000
__Htext22                                    text22       000000
__Htext23                                    text23       000000
__Htext24                                    text24       000000
__Htext25                                    text25       000000
__Htext3                                     text3        000000
__Htext4                                     text4        000000
__Htext5                                     text5        000000
__Htext6                                     text6        000000
__Htext7                                     text7        000000
__Htext8                                     text8        000000
__LRAM                                       (abs)        000001
__L__absolute__                              __absolute__ 000000
__Labs1                                      abs1         000000
__Lbank0                                     bank0        000000
__Lbank1                                     bank1        000000
__Lbank10                                    bank10       000000
__Lbank11                                    bank11       000000
__Lbank12                                    bank12       000000
__Lbank13                                    bank13       000000
__Lbank14                                    bank14       000000
__Lbank15                                    bank15       000000
__Lbank2                                     bank2        000000
__Lbank3                                     bank3        000000
__Lbank4                                     bank4        000000
__Lbank5                                     bank5        000000
__Lbank6                                     bank6        000000
__Lbank7                                     bank7        000000
__Lbank8                                     bank8        000000
__Lbank9                                     bank9        000000
__Lbigbss                                    bigbss       000000
__Lbigdata                                   bigdata      000000
__Lbigram                                    bigram       000000
__Lbigsfr                                    bigsfr       000000
__Lbss                                       bss          000000
__LbssCOMRAM                                 bssCOMRAM    000000
__Lcinit                                     cinit        000000
__Lclrtext                                   clrtext      000000
__Lcomram                                    comram       000000
__Lconfig                                    config       000000
__Lconst                                     const        000000
__LcstackCOMRAM                              cstackCOMRAM 000000
__Ldata                                      data         000000
__LdataBANK0                                 dataBANK0    000000
__LdataCOMRAM                                dataCOMRAM   000000
__Leeprom_data                               eeprom_data  000000
__Lfarbss                                    farbss       000000
__Lfardata                                   fardata      000000
__Lheap                                      heap         000000
__Libigdata                                  ibigdata     000000
__Lidata                                     idata        000000
__LidataBANK0                                idataBANK0   000000
__LidataCOMRAM                               idataCOMRAM  000000
__Lidloc                                     idloc        000000
__Lifardata                                  ifardata     000000
__Linit                                      init         00000E
__Lintcode                                   intcode      000008
__Lintcode_body                              intcode_body 000000
__Lintcodelo                                 intcodelo    00000E
__Lintentry                                  intentry     000000
__Lintret                                    intret       000000
__Lintsave_regs                              intsave_regs 000000
__Lirdata                                    irdata       000000
__Lmediumconst                               mediumconst  000000
__LnvCOMRAM                                  nvCOMRAM     000000
__LnvFARRAM                                  nvFARRAM     000000
__Lnvbit                                     nvbit        000000
__Lnvrram                                    nvrram       000000
__Lparam                                     rparam       000000
__Lpowerup                                   powerup      00000E
__Lram                                       ram          000000
__Lramtop                                    ramtop       001000
__Lrbit                                      rbit         000000
__Lrbss                                      rbss         000000
__Lrdata                                     rdata        000000
__Lreset_vec                                 reset_vec    000000
__Lrparam                                    rparam       000000
__Lsfr                                       sfr          000000
__Lsmallconst                                smallconst   001000
__Lspace_0                                   (abs)        000000
__Lspace_1                                   (abs)        000000
__Lspace_2                                   (abs)        000000
__Lspace_4                                   (abs)        000000
__Lstack                                     stack        000000
__Lstruct                                    struct       000000
__Ltemp                                      temp         00007E
__Ltext                                      text         000000
__Ltext0                                     text0        000000
__Ltext1                                     text1        000000
__Ltext10                                    text10       000000
__Ltext11                                    text11       000000
__Ltext12                                    text12       000000
__Ltext13                                    text13       000000
__Ltext14                                    text14       000000
__Ltext15                                    text15       000000
__Ltext16                                    text16       000000
__Ltext17                                    text17       000000
__Ltext18                                    text18       000000
__Ltext19                                    text19       000000
__Ltext2                                     text2        000000
__Ltext20                                    text20       000000
__Ltext21                                    text21       000000
__Ltext22                                    text22       000000
__Ltext23                                    text23       000000
__Ltext24                                    text24       000000
__Ltext25                                    text25       000000
__Ltext3                                     text3        000000
__Ltext4                                     text4        000000
__Ltext5                                     text5        000000
__Ltext6                                     text6        000000
__Ltext7                                     text7        000000
__Ltext8                                     text8        000000
__S0                                         (abs)        001936
__S1                                         (abs)        00009A
__S4                                         (abs)        000000
__S5                                         (abs)        000000
___heap_hi                                   (abs)        000000
___heap_lo                                   (abs)        000000
___inthi_sp                                  stack        000000
___intlo_sp                                  stack        000000
___param_bank                                (abs)        000000
___rparam_used                               (abs)        000001
___sp                                        stack        000000
__accesstop                                  (abs)        000080
__activetblptr                               (abs)        000003
__end_of_ADC_GetConversionResult             text8        001548
__end_of_ADC_GetConversion_Blocking          text4        001702
__end_of_ADC_ISR                             text25       001934
__end_of_ADC_Init                            text1        001608
__end_of_ADC_SelectChannel                   text6        001820
__end_of_ADC_StartConversion                 text5        00186A
__end_of_EUSART_RX_ISR                       text24       001936
__end_of_EUSART_TX_ISR                       text23       001930
__end_of_INT0_ISR                            text22       00192C
__end_of_INT1_ISR                            text21       001928
__end_of_INT2_ISR                            text20       001924
__end_of_InterruptManagerHigh                intcode_body 0013AC
__end_of_MSSP_I2C_BC_ISR                     text19       001920
__end_of_MSSP_I2C_ISR                        text18       00191C
__end_of_RB4_ISR                             text17       0018EC
__end_of_RB5_ISR                             text16       0018D2
__end_of_RB6_ISR                             text15       0018B8
__end_of_RB7_ISR                             text14       00189E
__end_of_TMR0_ISR                            text13       001910
__end_of_TMR1_ISR                            text12       001904
__end_of_TMR2_ISR                            text11       001918
__end_of_TMR3_ISR                            text10       0018F8
__end_of__initialization                     cinit        00174E
__end_of_adc_input_channel_port_configure    text7        001484
__end_of_configure_voltage_reference         text3        0017A2
__end_of_main                                text0        00168A
__end_of_select_result_format                text2        0017E6
__initialization                             cinit        001702
__mediumconst                                mediumconst  000000
__pbssCOMRAM                                 bssCOMRAM    000001
__pcinit                                     cinit        001702
__pcstackCOMRAM                              cstackCOMRAM 00006E
__pdataBANK0                                 dataBANK0    000080
__pdataCOMRAM                                dataCOMRAM   000049
__pidataBANK0                                idataBANK0   00186A
__pidataCOMRAM                               idataCOMRAM  001820
__pintcode                                   intcode      000008
__pintcode_body                              intcode_body 001006
__pnvCOMRAM                                  nvCOMRAM     00007D
__psmallconst                                smallconst   001000
__ptext0                                     text0        001608
__ptext1                                     text1        001548
__ptext10                                    text10       0018EC
__ptext11                                    text11       001910
__ptext12                                    text12       0018F8
__ptext13                                    text13       001904
__ptext14                                    text14       001884
__ptext15                                    text15       00189E
__ptext16                                    text16       0018B8
__ptext17                                    text17       0018D2
__ptext18                                    text18       001918
__ptext19                                    text19       00191C
__ptext2                                     text2        0017A2
__ptext20                                    text20       001920
__ptext21                                    text21       001924
__ptext22                                    text22       001928
__ptext23                                    text23       00192C
__ptext24                                    text24       001934
__ptext25                                    text25       001930
__ptext3                                     text3        001758
__ptext4                                     text4        00168A
__ptext5                                     text5        001846
__ptext6                                     text6        0017E6
__ptext7                                     text7        0013AC
__ptext8                                     text8        001484
__ramtop                                     ramtop       001000
__smallconst                                 smallconst   001000
_adc_1                                       dataCOMRAM   000068
_adc_input_channel_port_configure            text7        0013AC
_btn_high                                    dataCOMRAM   000063
_btn_high_state                              dataCOMRAM   00005E
_btn_low                                     dataCOMRAM   000062
_btn_low_state                               dataCOMRAM   00005D
_configure_voltage_reference                 text3        001758
_conversion_Result_AN0                       bssCOMRAM    000047
_conversion_Result_AN1                       bssCOMRAM    000045
_conversion_Result_AN2                       bssCOMRAM    000043
_conversion_Result_AN3                       bssCOMRAM    000041
_flag                                        nvCOMRAM     00007D
_lat_registers                               dataCOMRAM   000049
_lcd_1                                       dataBANK0    000094
_lcd_2                                       dataBANK0    000080
_led_1                                       dataCOMRAM   000061
_led_2                                       dataCOMRAM   000060
_main                                        text0        001608
_port_registers                              dataBANK0    00008A
_relay_1                                     dataCOMRAM   00005F
_ret                                         bssCOMRAM    000035
_select_result_format                        text2        0017A2
_timer0_preload                              bssCOMRAM    000019
_timer1_preload                              bssCOMRAM    000015
_timer2_preload                              bssCOMRAM    000036
_timer3_preload                              bssCOMRAM    00000F
_tris_registers                              dataCOMRAM   000053
adc_input_channel_port_configure@channel     cstackCOMRAM 000071
btemp                                        temp         00007E
button_initialize@F3049                      bssCOMRAM    000040
button_read_state@F3056                      bssCOMRAM    00003F
configure_voltage_reference@_adc             cstackCOMRAM 00006F
end_of_initialization                        cinit        00174E
int$flags                                    temp         00007E
int_func                                     intcode_body 001006
intlevel0                                    text         000000
intlevel1                                    text         000000
intlevel2                                    text         000000
intlevel3                                    text         000000
isa$std                                      (abs)        000001
isa$xinst                                    (abs)        000000
led_initialize@F3047                         bssCOMRAM    00003E
led_turn_off@F3057                           bssCOMRAM    00003C
led_turn_on@F3052                            bssCOMRAM    00003D
led_turn_toggle@F3062                        bssCOMRAM    00003B
relay_initialize@F3047                       bssCOMRAM    00003A
relay_turn_off@F3057                         bssCOMRAM    000038
relay_turn_on@F3052                          bssCOMRAM    000039
relay_turn_toggle@F3062                      bssCOMRAM    000037
select_result_format@_adc                    cstackCOMRAM 00006F
stackhi                                      (abs)        000000
stacklo                                      (abs)        000000
start                                        init         00000E
start_initialization                         cinit        001702
ttemp5                                       temp         00007F
ttemp6                                       temp         000082
ttemp7                                       temp         000086
wtemp8                                       temp         00007F


MODULE INFORMATION

Module		Function		Class		Link	Load	Size
MCAL_Layer/I2C/hal_i2c.c
		_MSSP_I2C_ISR  		CODE           	1918	0000	4
		_MSSP_I2C_BC_ISR		CODE           	191C	0000	4

MCAL_Layer/I2C/hal_i2c.c estimated size: 8

MCAL_Layer/Timers/hal_timer2.c
		_TMR2_ISR      		CODE           	1910	0000	8

MCAL_Layer/Timers/hal_timer2.c estimated size: 8

MCAL_Layer/Timers/hal_timer0.c
		_TMR0_ISR      		CODE           	1904	0000	12

MCAL_Layer/Timers/hal_timer0.c estimated size: 12

shared
		__initialization		CODE           	1702	0000	76

shared estimated size: 76

MCAL_Layer/Interrupt/mcal_external_interrupt.c
		_RB4_ISR       		CODE           	18D2	0000	26
		_RB5_ISR       		CODE           	18B8	0000	26
		_RB6_ISR       		CODE           	189E	0000	26
		_RB7_ISR       		CODE           	1884	0000	26
		_INT0_ISR      		CODE           	1928	0000	4
		_INT1_ISR      		CODE           	1924	0000	4
		_INT2_ISR      		CODE           	1920	0000	4

MCAL_Layer/Interrupt/mcal_external_interrupt.c estimated size: 116

MCAL_Layer/ADC/hal_adc.c
		_adc_input_channel_port_configure		CODE           	13AC	0000	216
		_ADC_GetConversion_Blocking		CODE           	168A	0000	120
		_ADC_GetConversionResult		CODE           	1484	0000	196
		_configure_voltage_reference		CODE           	1758	0000	74
		_ADC_StartConversion		CODE           	1846	0000	36
		_ADC_ISR       		CODE           	1930	0000	4
		_ADC_SelectChannel		CODE           	17E6	0000	58
		_ADC_Init      		CODE           	1548	0000	192
		_select_result_format		CODE           	17A2	0000	68

MCAL_Layer/ADC/hal_adc.c estimated size: 964

MCAL_Layer/Interrupt/mcal_interrupt_manager.c
		_InterruptManagerHigh		CODE           	0008	0000	940

MCAL_Layer/Interrupt/mcal_interrupt_manager.c estimated size: 940

MCAL_Layer/USART/hal_usart.c
		_EUSART_RX_ISR 		CODE           	1934	0000	2
		_EUSART_TX_ISR 		CODE           	192C	0000	4

MCAL_Layer/USART/hal_usart.c estimated size: 6

application.c
		_main          		CODE           	1608	0000	130

application.c estimated size: 130

MCAL_Layer/Timers/hal_timer3.c
		_TMR3_ISR      		CODE           	18EC	0000	12

MCAL_Layer/Timers/hal_timer3.c estimated size: 12

MCAL_Layer/Timers/hal_timer1.c
		_TMR1_ISR      		CODE           	18F8	0000	12

MCAL_Layer/Timers/hal_timer1.c estimated size: 12

